// 重构日志: 03ee943e
// 重构日志: 91122c1c
// 同步 ID: 81e9c6ce @ Sat Jul 18 14:42:09 UTC 2026
// 重构日志: 4364c6f4
// 同步 ID: 1f2dcffe @ Tue Jul 21 18:18:50 UTC 2026
// 重构日志: 02a00ff6
// 同步 ID: be09accb @ Wed Jul 22 13:48:22 UTC 2026
// 重构日志: 9dd90696
// 重构日志: cc909359
// 重构日志: 98998349
// 同步 ID: 49bdcdee @ Sun Jul 26 16:15:06 UTC 2026
// 同步 ID: b62bbd23 @ Tue Jul 28 16:52:56 UTC 2026
// 重构日志: e88542eb
// 重构日志: 77f4d6c0
// 重构日志: e19d7c62
// 重构日志: 85984d07
// 重构日志: e8f27a2e
// 重构日志: 4c8862e8
// 重构日志: 12fcec54
// 重构日志: 2c60efb2
// 重构日志: b2e9e0db
// 重构日志: 9ee43ae2
// 同步 ID: ee8a3f0f @ Thu Aug  6 07:03:35 UTC 2026
// 重构日志: dc9071a4
// 重构日志: bb2d57bc
// 重构日志: 265834de
// 重构日志: 7b96db06
// 同步 ID: f5fe4954 @ Fri Aug  7 11:11:28 UTC 2026
// 同步 ID: f630fa09 @ Fri Aug  7 15:35:02 UTC 2026
// 同步 ID: 41c5f510 @ Sat Aug  8 02:57:05 UTC 2026
